<?xml version="1.0" encoding="UTF-8"?>
<testsuites name="jest tests" tests="14" failures="0" errors="0" time="0.188">
  <testsuite name="Evaluator - Mains de poker" errors="0" failures="0" skipped="0" timestamp="2026-03-12T20:42:22" time="0.088" tests="14">
    <testcase classname="Evaluator - Mains de poker getHandValue Carte haute" name="Evaluator - Mains de poker getHandValue Carte haute" time="0.001">
    </testcase>
    <testcase classname="Evaluator - Mains de poker getHandValue Paire" name="Evaluator - Mains de poker getHandValue Paire" time="0">
    </testcase>
    <testcase classname="Evaluator - Mains de poker getHandValue Double paire" name="Evaluator - Mains de poker getHandValue Double paire" time="0">
    </testcase>
    <testcase classname="Evaluator - Mains de poker getHandValue Brelan" name="Evaluator - Mains de poker getHandValue Brelan" time="0">
    </testcase>
    <testcase classname="Evaluator - Mains de poker getHandValue Quinte" name="Evaluator - Mains de poker getHandValue Quinte" time="0">
    </testcase>
    <testcase classname="Evaluator - Mains de poker getHandValue Quinte blanche (A-2-3-4-5)" name="Evaluator - Mains de poker getHandValue Quinte blanche (A-2-3-4-5)" time="0">
    </testcase>
    <testcase classname="Evaluator - Mains de poker getHandValue Couleur" name="Evaluator - Mains de poker getHandValue Couleur" time="0">
    </testcase>
    <testcase classname="Evaluator - Mains de poker getHandValue Full" name="Evaluator - Mains de poker getHandValue Full" time="0">
    </testcase>
    <testcase classname="Evaluator - Mains de poker getHandValue Carré" name="Evaluator - Mains de poker getHandValue Carré" time="0">
    </testcase>
    <testcase classname="Evaluator - Mains de poker getHandValue Quinte flush" name="Evaluator - Mains de poker getHandValue Quinte flush" time="0">
    </testcase>
    <testcase classname="Evaluator - Mains de poker getHandValue Quinte flush royale" name="Evaluator - Mains de poker getHandValue Quinte flush royale" time="0">
    </testcase>
    <testcase classname="Evaluator - Mains de poker Cas d&apos;égalité (split pot) Deux joueurs avec la même quinte" name="Evaluator - Mains de poker Cas d&apos;égalité (split pot) Deux joueurs avec la même quinte" time="0">
    </testcase>
    <testcase classname="Evaluator - Mains de poker Cas d&apos;égalité (split pot) Deux joueurs avec la même paire, kicker différent" name="Evaluator - Mains de poker Cas d&apos;égalité (split pot) Deux joueurs avec la même paire, kicker différent" time="0">
    </testcase>
    <testcase classname="Evaluator - Mains de poker resolveShowdown findWinner retourne le bon gagnant" name="Evaluator - Mains de poker resolveShowdown findWinner retourne le bon gagnant" time="0">
    </testcase>
  </testsuite>
</testsuites>